127.0.0.1 - - [16/Jan/2024:10:33:42 +0900] "GET / HTTP/1.1" 404 807
0:0:0:0:0:0:0:1 - - [16/Jan/2024:10:33:43 +0900] "GET /app/ HTTP/1.1" 200 165
0:0:0:0:0:0:0:1 - - [16/Jan/2024:10:33:43 +0900] "GET /favicon.ico HTTP/1.1" 404 818
0:0:0:0:0:0:0:1 - - [16/Jan/2024:10:34:07 +0900] "GET /app/getTestEmp?lastName=Hong&hireDate=2024/01/16 HTTP/1.1" 200 196
0:0:0:0:0:0:0:1 - - [16/Jan/2024:10:35:11 +0900] "GET /app/getTestEmp?lastName=Hong&hireDate=2024/01/16 HTTP/1.1" 200 196
0:0:0:0:0:0:0:1 - - [16/Jan/2024:10:35:13 +0900] "GET /app/getTestEmp?lastName=Hong&hireDate=2024/01/16 HTTP/1.1" 200 196
0:0:0:0:0:0:0:1 - - [16/Jan/2024:10:35:19 +0900] "GET /app/getTestEmp?lastName=Hong&hireDate=2024/01/16 HTTP/1.1" 404 828
0:0:0:0:0:0:0:1 - - [16/Jan/2024:10:35:21 +0900] "GET /app/getTestEmp?lastName=Hong&hireDate=2024/01/16 HTTP/1.1" 404 828
0:0:0:0:0:0:0:1 - - [16/Jan/2024:10:35:26 +0900] "GET /app/getTestEmp?lastName=Hong&hireDate=2024/01/16 HTTP/1.1" 404 828
127.0.0.1 - - [16/Jan/2024:10:35:39 +0900] "GET / HTTP/1.1" 404 807
0:0:0:0:0:0:0:1 - - [16/Jan/2024:10:35:44 +0900] "GET /app/getTestEmp?lastName=Hong&hireDate=2024/01/16 HTTP/1.1" 404 828
0:0:0:0:0:0:0:1 - - [16/Jan/2024:10:36:37 +0900] "GET /app/getTestEmp?lastName=Hong&hireDate=2024/01/16 HTTP/1.1" 200 196
0:0:0:0:0:0:0:1 - - [16/Jan/2024:10:42:07 +0900] "GET /app/getTestEmp?lastName=Hong&hireDate=2024/01/16&msg=hello HTTP/1.1" 200 196
0:0:0:0:0:0:0:1 - - [16/Jan/2024:10:43:13 +0900] "GET /app/getTestEmp?lastName=Hong&hireDate=2024/01/16&msg=hello HTTP/1.1" 500 18963
127.0.0.1 - - [16/Jan/2024:10:45:11 +0900] "GET / HTTP/1.1" 404 807
0:0:0:0:0:0:0:1 - - [16/Jan/2024:10:45:14 +0900] "POST /app/getTestEmp HTTP/1.1" 200 196
0:0:0:0:0:0:0:1 - - [16/Jan/2024:11:22:20 +0900] "GET / HTTP/1.1" 404 807
0:0:0:0:0:0:0:1 - - [16/Jan/2024:11:22:22 +0900] "GET /admin HTTP/1.1" 404 812
0:0:0:0:0:0:0:1 - - [16/Jan/2024:11:22:24 +0900] "GET /app/ HTTP/1.1" 200 165
0:0:0:0:0:0:0:1 - - [16/Jan/2024:11:23:47 +0900] "GET /app/paramTestEmp?name=lee HTTP/1.1" 200 36
0:0:0:0:0:0:0:1 - - [16/Jan/2024:11:25:22 +0900] "POST /app/paramTestEmp HTTP/1.1" 400 956
0:0:0:0:0:0:0:1 - - [16/Jan/2024:11:26:36 +0900] "POST /app/paramTestEmp HTTP/1.1" 200 34
0:0:0:0:0:0:0:1 - - [16/Jan/2024:11:26:44 +0900] "POST /app/paramTestEmp HTTP/1.1" 400 956
0:0:0:0:0:0:0:1 - - [16/Jan/2024:11:27:44 +0900] "POST /app/paramTestEmp HTTP/1.1" 400 956
127.0.0.1 - - [16/Jan/2024:11:27:53 +0900] "GET / HTTP/1.1" 404 807
0:0:0:0:0:0:0:1 - - [16/Jan/2024:11:27:53 +0900] "POST /app/paramTestEmp HTTP/1.1" 200 34
0:0:0:0:0:0:0:1 - - [16/Jan/2024:11:32:59 +0900] "POST /app/paramTestEmp HTTP/1.1" 200 34
0:0:0:0:0:0:0:1 - - [16/Jan/2024:11:36:27 +0900] "GET /app/paramTestEmp HTTP/1.1" 200 35
0:0:0:0:0:0:0:1 - - [16/Jan/2024:11:36:49 +0900] "POST /app/paramTestEmp HTTP/1.1" 200 34
0:0:0:0:0:0:0:1 - - [16/Jan/2024:11:37:01 +0900] "POST /app/paramTestEmp HTTP/1.1" 200 34
0:0:0:0:0:0:0:1 - - [16/Jan/2024:11:37:32 +0900] "POST /app/getTestEmp HTTP/1.1" 200 195
0:0:0:0:0:0:0:1 - - [16/Jan/2024:11:48:40 +0900] "POST /app/pathTestEmp/spring/1234 HTTP/1.1" 405 802
0:0:0:0:0:0:0:1 - - [16/Jan/2024:11:48:43 +0900] "GET /app/pathTestEmp/spring/1234 HTTP/1.1" 200 6
0:0:0:0:0:0:0:1 - - [16/Jan/2024:11:51:09 +0900] "POST /app/hsibTestEmp HTTP/1.1" 404 721
0:0:0:0:0:0:0:1 - - [16/Jan/2024:11:51:26 +0900] "POST /app/jsonTestEmp HTTP/1.1" 200 195
0:0:0:0:0:0:0:1 - - [16/Jan/2024:14:48:52 +0900] "GET / HTTP/1.1" 404 807
0:0:0:0:0:0:0:1 - - [16/Jan/2024:14:48:54 +0900] "GET /admin HTTP/1.1" 404 812
0:0:0:0:0:0:0:1 - - [16/Jan/2024:14:48:54 +0900] "GET /app/ HTTP/1.1" 200 164
0:0:0:0:0:0:0:1 - - [16/Jan/2024:14:48:55 +0900] "GET /app/emplist HTTP/1.1" 404 721
0:0:0:0:0:0:0:1 - - [16/Jan/2024:14:49:14 +0900] "GET /app/emplist HTTP/1.1" 404 721
127.0.0.1 - - [16/Jan/2024:14:49:37 +0900] "GET / HTTP/1.1" 404 807
0:0:0:0:0:0:0:1 - - [16/Jan/2024:14:49:40 +0900] "GET /app/emplist HTTP/1.1" 404 833
0:0:0:0:0:0:0:1 - - [16/Jan/2024:14:50:17 +0900] "GET /app/empList HTTP/1.1" 404 721
0:0:0:0:0:0:0:1 - - [16/Jan/2024:14:50:22 +0900] "GET /app/empList HTTP/1.1" 404 833
127.0.0.1 - - [16/Jan/2024:14:50:37 +0900] "GET / HTTP/1.1" 404 807
0:0:0:0:0:0:0:1 - - [16/Jan/2024:14:50:41 +0900] "GET /app/empList HTTP/1.1" 404 833
0:0:0:0:0:0:0:1 - - [16/Jan/2024:14:50:49 +0900] "GET /app HTTP/1.1" 302 -
0:0:0:0:0:0:0:1 - - [16/Jan/2024:14:50:49 +0900] "GET /app/ HTTP/1.1" 200 164
0:0:0:0:0:0:0:1 - - [16/Jan/2024:14:50:54 +0900] "GET /app/empList HTTP/1.1" 404 833
0:0:0:0:0:0:0:1 - - [16/Jan/2024:14:51:34 +0900] "GET /app/empList HTTP/1.1" 404 833
0:0:0:0:0:0:0:1 - - [16/Jan/2024:14:51:43 +0900] "GET /app/empList HTTP/1.1" 404 833
127.0.0.1 - - [16/Jan/2024:14:51:50 +0900] "GET / HTTP/1.1" 404 807
0:0:0:0:0:0:0:1 - - [16/Jan/2024:14:51:51 +0900] "GET /app/empList HTTP/1.1" 500 5784
0:0:0:0:0:0:0:1 - - [16/Jan/2024:14:51:54 +0900] "GET /app/empList HTTP/1.1" 500 5784
0:0:0:0:0:0:0:1 - - [16/Jan/2024:14:52:34 +0900] "GET /app/empList HTTP/1.1" 500 5784
127.0.0.1 - - [16/Jan/2024:14:58:26 +0900] "GET / HTTP/1.1" 404 807
0:0:0:0:0:0:0:1 - - [16/Jan/2024:14:58:30 +0900] "GET /app/empList HTTP/1.1" 500 5784
